Java HotSpot(TM) 64-Bit Server VM (25.40-b25) for linux-amd64 JRE (1.8.0_40-b26), built on Mar  7 2015 15:08:31 by "java_re" with gcc 4.3.0 20080428 (Red Hat 4.3.0-8)
Memory: 4k page, physical 65893764k(54552980k free), swap 67106812k(67106812k free)
CommandLine flags: -XX:+AlwaysPreTouch -XX:InitialHeapSize=10737418240 -XX:MaxHeapSize=10737418240 -XX:+PrintGC -XX:+PrintGCApplicationStoppedTime -XX:+PrintGCDateStamps -XX:+PrintGCDetails -XX:+PrintGCTimeStamps -XX:+UseCompressedClassPointers -XX:+UseCompressedOops -XX:+UseG1GC 
2016-10-10T10:08:00.286-0700: 0.557: [GC pause (G1 Evacuation Pause) (young), 0.1199579 secs]
   [Parallel Time: 118.7 ms, GC Workers: 10]
      [GC Worker Start (ms): Min: 557.2, Avg: 557.4, Max: 557.5, Diff: 0.3]
      [Ext Root Scanning (ms): Min: 0.1, Avg: 0.3, Max: 0.8, Diff: 0.7, Sum: 2.7]
      [Update RS (ms): Min: 9.2, Avg: 12.2, Max: 19.4, Diff: 10.1, Sum: 121.7]
         [Processed Buffers: Min: 2, Avg: 2.4, Max: 3, Diff: 1, Sum: 24]
      [Scan RS (ms): Min: 0.0, Avg: 0.0, Max: 0.1, Diff: 0.1, Sum: 0.3]
      [Code Root Scanning (ms): Min: 0.0, Avg: 0.0, Max: 0.1, Diff: 0.1, Sum: 0.1]
      [Object Copy (ms): Min: 98.7, Avg: 105.8, Max: 108.7, Diff: 10.0, Sum: 1057.7]
      [Termination (ms): Min: 0.0, Avg: 0.0, Max: 0.0, Diff: 0.0, Sum: 0.3]
      [GC Worker Other (ms): Min: 0.0, Avg: 0.0, Max: 0.1, Diff: 0.0, Sum: 0.4]
      [GC Worker Total (ms): Min: 118.2, Avg: 118.3, Max: 118.5, Diff: 0.3, Sum: 1183.2]
      [GC Worker End (ms): Min: 675.7, Avg: 675.7, Max: 675.7, Diff: 0.0]
   [Code Root Fixup: 0.0 ms]
   [Code Root Purge: 0.0 ms]
   [Clear CT: 0.1 ms]
   [Other: 1.1 ms]
      [Choose CSet: 0.0 ms]
      [Ref Proc: 0.2 ms]
      [Ref Enq: 0.0 ms]
      [Redirty Cards: 0.1 ms]
      [Humongous Reclaim: 0.0 ms]
      [Free CSet: 0.1 ms]
   [Eden: 512.0M(512.0M)->0.0B(448.0M) Survivors: 0.0B->64.0M Heap: 740.9M(10.0G)->408.3M(10.0G)]
 [Times: user=0.61 sys=0.53, real=0.12 secs] 
2016-10-10T10:08:00.407-0700: 0.677: Total time for which application threads were stopped: 0.1203567 seconds, Stopping threads took: 0.0000700 seconds
2016-10-10T10:08:00.740-0700: 1.010: [GC pause (G1 Evacuation Pause) (young), 0.0953636 secs]
   [Parallel Time: 93.7 ms, GC Workers: 10]
      [GC Worker Start (ms): Min: 1010.1, Avg: 1010.2, Max: 1010.2, Diff: 0.1]
      [Ext Root Scanning (ms): Min: 0.1, Avg: 0.2, Max: 0.4, Diff: 0.3, Sum: 1.7]
      [Update RS (ms): Min: 4.3, Avg: 5.3, Max: 10.6, Diff: 6.3, Sum: 53.3]
         [Processed Buffers: Min: 1, Avg: 1.3, Max: 2, Diff: 1, Sum: 13]
      [Scan RS (ms): Min: 0.1, Avg: 2.6, Max: 3.4, Diff: 3.4, Sum: 26.3]
      [Code Root Scanning (ms): Min: 0.0, Avg: 0.0, Max: 0.2, Diff: 0.2, Sum: 0.3]
      [Object Copy (ms): Min: 82.6, Avg: 85.3, Max: 85.8, Diff: 3.2, Sum: 852.7]
      [Termination (ms): Min: 0.0, Avg: 0.1, Max: 0.2, Diff: 0.2, Sum: 1.3]
      [GC Worker Other (ms): Min: 0.0, Avg: 0.0, Max: 0.0, Diff: 0.0, Sum: 0.3]
      [GC Worker Total (ms): Min: 93.5, Avg: 93.6, Max: 93.7, Diff: 0.1, Sum: 935.9]
      [GC Worker End (ms): Min: 1103.7, Avg: 1103.7, Max: 1103.8, Diff: 0.0]
   [Code Root Fixup: 0.0 ms]
   [Code Root Purge: 0.0 ms]
   [Clear CT: 0.2 ms]
   [Other: 1.4 ms]
      [Choose CSet: 0.0 ms]
      [Ref Proc: 0.4 ms]
      [Ref Enq: 0.0 ms]
      [Redirty Cards: 0.1 ms]
      [Humongous Reclaim: 0.0 ms]
      [Free CSet: 0.1 ms]
   [Eden: 448.0M(448.0M)->0.0B(448.0M) Survivors: 64.0M->64.0M Heap: 856.3M(10.0G)->606.9M(10.0G)]
 [Times: user=0.70 sys=0.18, real=0.10 secs] 
2016-10-10T10:08:00.835-0700: 1.105: Total time for which application threads were stopped: 0.0956667 seconds, Stopping threads took: 0.0000499 seconds
2016-10-10T10:08:01.122-0700: 1.392: [GC pause (G1 Evacuation Pause) (young), 0.0659711 secs]
   [Parallel Time: 64.5 ms, GC Workers: 10]
      [GC Worker Start (ms): Min: 1392.1, Avg: 1392.2, Max: 1392.4, Diff: 0.3]
      [Ext Root Scanning (ms): Min: 0.0, Avg: 0.1, Max: 0.3, Diff: 0.3, Sum: 1.5]
      [Update RS (ms): Min: 4.3, Avg: 6.7, Max: 10.6, Diff: 6.3, Sum: 66.8]
         [Processed Buffers: Min: 1, Avg: 1.6, Max: 2, Diff: 1, Sum: 16]
      [Scan RS (ms): Min: 0.0, Avg: 2.0, Max: 3.6, Diff: 3.6, Sum: 19.5]
      [Code Root Scanning (ms): Min: 0.0, Avg: 0.0, Max: 0.0, Diff: 0.0, Sum: 0.1]
      [Object Copy (ms): Min: 53.4, Avg: 55.4, Max: 56.6, Diff: 3.3, Sum: 553.5]
      [Termination (ms): Min: 0.0, Avg: 0.0, Max: 0.0, Diff: 0.0, Sum: 0.2]
      [GC Worker Other (ms): Min: 0.0, Avg: 0.0, Max: 0.1, Diff: 0.0, Sum: 0.3]
      [GC Worker Total (ms): Min: 64.0, Avg: 64.2, Max: 64.3, Diff: 0.3, Sum: 641.9]
      [GC Worker End (ms): Min: 1456.4, Avg: 1456.4, Max: 1456.4, Diff: 0.0]
   [Code Root Fixup: 0.0 ms]
   [Code Root Purge: 0.0 ms]
   [Clear CT: 0.1 ms]
   [Other: 1.3 ms]
      [Choose CSet: 0.0 ms]
      [Ref Proc: 0.3 ms]
      [Ref Enq: 0.0 ms]
      [Redirty Cards: 0.1 ms]
      [Humongous Reclaim: 0.0 ms]
      [Free CSet: 0.1 ms]
   [Eden: 448.0M(448.0M)->0.0B(448.0M) Survivors: 64.0M->64.0M Heap: 1054.9M(10.0G)->786.9M(10.0G)]
 [Times: user=0.58 sys=0.04, real=0.07 secs] 
2016-10-10T10:08:01.188-0700: 1.458: Total time for which application threads were stopped: 0.0662663 seconds, Stopping threads took: 0.0000566 seconds
2016-10-10T10:08:01.469-0700: 1.739: [GC pause (G1 Evacuation Pause) (young), 0.0742548 secs]
   [Parallel Time: 72.6 ms, GC Workers: 10]
      [GC Worker Start (ms): Min: 1739.6, Avg: 1739.7, Max: 1739.7, Diff: 0.1]
      [Ext Root Scanning (ms): Min: 0.1, Avg: 0.1, Max: 0.2, Diff: 0.1, Sum: 1.4]
      [Update RS (ms): Min: 4.4, Avg: 6.8, Max: 9.6, Diff: 5.2, Sum: 67.5]
         [Processed Buffers: Min: 1, Avg: 1.6, Max: 2, Diff: 1, Sum: 16]
      [Scan RS (ms): Min: 0.0, Avg: 2.3, Max: 5.1, Diff: 5.1, Sum: 23.2]
      [Code Root Scanning (ms): Min: 0.0, Avg: 0.0, Max: 0.0, Diff: 0.0, Sum: 0.0]
      [Object Copy (ms): Min: 55.4, Avg: 56.9, Max: 63.9, Diff: 8.5, Sum: 569.1]
      [Termination (ms): Min: 0.0, Avg: 6.2, Max: 7.0, Diff: 6.9, Sum: 62.4]
      [GC Worker Other (ms): Min: 0.0, Avg: 0.0, Max: 0.1, Diff: 0.0, Sum: 0.3]
      [GC Worker Total (ms): Min: 72.3, Avg: 72.4, Max: 72.5, Diff: 0.2, Sum: 723.8]
      [GC Worker End (ms): Min: 1812.0, Avg: 1812.1, Max: 1812.1, Diff: 0.0]
   [Code Root Fixup: 0.0 ms]
   [Code Root Purge: 0.0 ms]
   [Clear CT: 0.2 ms]
   [Other: 1.5 ms]
      [Choose CSet: 0.0 ms]
      [Ref Proc: 0.3 ms]
      [Ref Enq: 0.0 ms]
      [Redirty Cards: 0.3 ms]
      [Humongous Reclaim: 0.0 ms]
      [Free CSet: 0.1 ms]
   [Eden: 448.0M(448.0M)->0.0B(448.0M) Survivors: 64.0M->64.0M Heap: 1234.9M(10.0G)->962.9M(10.0G)]
 [Times: user=0.65 sys=0.04, real=0.07 secs] 
2016-10-10T10:08:01.544-0700: 1.814: Total time for which application threads were stopped: 0.0746252 seconds, Stopping threads took: 0.0001108 seconds
2016-10-10T10:08:01.821-0700: 2.091: [GC pause (G1 Evacuation Pause) (young), 0.0675223 secs]
   [Parallel Time: 66.3 ms, GC Workers: 10]
      [GC Worker Start (ms): Min: 2091.5, Avg: 2091.6, Max: 2091.7, Diff: 0.2]
      [Ext Root Scanning (ms): Min: 0.0, Avg: 0.1, Max: 0.3, Diff: 0.2, Sum: 1.3]
      [Update RS (ms): Min: 7.0, Avg: 8.3, Max: 9.0, Diff: 2.0, Sum: 83.4]
         [Processed Buffers: Min: 2, Avg: 2.1, Max: 3, Diff: 1, Sum: 21]
      [Scan RS (ms): Min: 0.8, Avg: 3.2, Max: 6.8, Diff: 6.0, Sum: 32.2]
      [Code Root Scanning (ms): Min: 0.0, Avg: 0.0, Max: 0.0, Diff: 0.0, Sum: 0.0]
      [Object Copy (ms): Min: 51.7, Avg: 53.9, Max: 55.6, Diff: 3.9, Sum: 539.0]
      [Termination (ms): Min: 0.0, Avg: 0.0, Max: 0.0, Diff: 0.0, Sum: 0.1]
      [GC Worker Other (ms): Min: 0.0, Avg: 0.2, Max: 0.6, Diff: 0.5, Sum: 1.8]
      [GC Worker Total (ms): Min: 65.5, Avg: 65.8, Max: 66.2, Diff: 0.7, Sum: 657.8]
      [GC Worker End (ms): Min: 2157.2, Avg: 2157.4, Max: 2157.8, Diff: 0.5]
   [Code Root Fixup: 0.0 ms]
   [Code Root Purge: 0.0 ms]
   [Clear CT: 0.1 ms]
   [Other: 1.0 ms]
      [Choose CSet: 0.0 ms]
      [Ref Proc: 0.1 ms]
      [Ref Enq: 0.0 ms]
      [Redirty Cards: 0.1 ms]
      [Humongous Reclaim: 0.0 ms]
      [Free CSet: 0.1 ms]
   [Eden: 448.0M(448.0M)->0.0B(448.0M) Survivors: 64.0M->64.0M Heap: 1410.9M(10.0G)->1134.9M(10.0G)]
 [Times: user=0.59 sys=0.04, real=0.07 secs] 
2016-10-10T10:08:01.889-0700: 2.159: Total time for which application threads were stopped: 0.0677868 seconds, Stopping threads took: 0.0000456 seconds
2016-10-10T10:08:02.200-0700: 2.470: [GC pause (G1 Evacuation Pause) (young), 0.0835515 secs]
   [Parallel Time: 82.2 ms, GC Workers: 10]
      [GC Worker Start (ms): Min: 2470.1, Avg: 2472.3, Max: 2477.1, Diff: 7.0]
      [Ext Root Scanning (ms): Min: 0.0, Avg: 0.1, Max: 0.2, Diff: 0.2, Sum: 1.1]
      [Update RS (ms): Min: 4.1, Avg: 9.3, Max: 14.0, Diff: 9.9, Sum: 92.8]
         [Processed Buffers: Min: 1, Avg: 2.3, Max: 4, Diff: 3, Sum: 23]
      [Scan RS (ms): Min: 0.0, Avg: 1.6, Max: 3.8, Diff: 3.8, Sum: 15.7]
      [Code Root Scanning (ms): Min: 0.0, Avg: 0.0, Max: 0.0, Diff: 0.0, Sum: 0.0]
      [Object Copy (ms): Min: 52.9, Avg: 55.5, Max: 68.5, Diff: 15.6, Sum: 555.2]
      [Termination (ms): Min: 0.0, Avg: 13.4, Max: 14.9, Diff: 14.9, Sum: 134.3]
      [GC Worker Other (ms): Min: 0.0, Avg: 0.0, Max: 0.0, Diff: 0.0, Sum: 0.2]
      [GC Worker Total (ms): Min: 75.0, Avg: 79.9, Max: 82.1, Diff: 7.0, Sum: 799.2]
      [GC Worker End (ms): Min: 2552.2, Avg: 2552.2, Max: 2552.2, Diff: 0.0]
   [Code Root Fixup: 0.0 ms]
   [Code Root Purge: 0.0 ms]
   [Clear CT: 0.1 ms]
   [Other: 1.2 ms]
      [Choose CSet: 0.0 ms]
      [Ref Proc: 0.3 ms]
      [Ref Enq: 0.0 ms]
      [Redirty Cards: 0.3 ms]
      [Humongous Reclaim: 0.0 ms]
      [Free CSet: 0.1 ms]
   [Eden: 448.0M(448.0M)->0.0B(448.0M) Survivors: 64.0M->64.0M Heap: 1582.9M(10.0G)->1308.9M(10.0G)]
 [Times: user=0.71 sys=0.03, real=0.08 secs] 
2016-10-10T10:08:02.283-0700: 2.554: Total time for which application threads were stopped: 0.0838249 seconds, Stopping threads took: 0.0000452 seconds
2016-10-10T10:08:02.569-0700: 2.840: [GC pause (G1 Evacuation Pause) (young), 0.0722806 secs]
   [Parallel Time: 70.9 ms, GC Workers: 10]
      [GC Worker Start (ms): Min: 2840.0, Avg: 2841.5, Max: 2847.0, Diff: 7.0]
      [Ext Root Scanning (ms): Min: 0.0, Avg: 0.1, Max: 0.4, Diff: 0.4, Sum: 1.3]
      [Update RS (ms): Min: 0.0, Avg: 9.4, Max: 21.3, Diff: 21.3, Sum: 93.8]
         [Processed Buffers: Min: 1, Avg: 2.1, Max: 3, Diff: 2, Sum: 21]
      [Scan RS (ms): Min: 0.0, Avg: 1.7, Max: 4.2, Diff: 4.2, Sum: 17.4]
      [Code Root Scanning (ms): Min: 0.0, Avg: 0.0, Max: 0.0, Diff: 0.0, Sum: 0.0]
      [Object Copy (ms): Min: 48.1, Avg: 58.1, Max: 59.8, Diff: 11.7, Sum: 580.6]
      [Termination (ms): Min: 0.0, Avg: 0.1, Max: 0.1, Diff: 0.1, Sum: 0.6]
      [GC Worker Other (ms): Min: 0.0, Avg: 0.0, Max: 0.0, Diff: 0.0, Sum: 0.2]
      [GC Worker Total (ms): Min: 63.9, Avg: 69.4, Max: 70.9, Diff: 7.0, Sum: 693.9]
      [GC Worker End (ms): Min: 2910.9, Avg: 2910.9, Max: 2910.9, Diff: 0.0]
   [Code Root Fixup: 0.0 ms]
   [Code Root Purge: 0.0 ms]
   [Clear CT: 0.2 ms]
   [Other: 1.2 ms]
      [Choose CSet: 0.0 ms]
      [Ref Proc: 0.2 ms]
      [Ref Enq: 0.0 ms]
      [Redirty Cards: 0.1 ms]
      [Humongous Reclaim: 0.0 ms]
      [Free CSet: 0.1 ms]
   [Eden: 448.0M(448.0M)->0.0B(448.0M) Survivors: 64.0M->64.0M Heap: 1756.9M(10.0G)->1490.9M(10.0G)]
 [Times: user=0.59 sys=0.05, real=0.07 secs] 
2016-10-10T10:08:02.642-0700: 2.912: Total time for which application threads were stopped: 0.0726274 seconds, Stopping threads took: 0.0001118 seconds
2016-10-10T10:08:02.937-0700: 3.207: [GC pause (G1 Evacuation Pause) (young), 0.0740273 secs]
   [Parallel Time: 72.8 ms, GC Workers: 10]
      [GC Worker Start (ms): Min: 3207.5, Avg: 3207.5, Max: 3207.6, Diff: 0.1]
      [Ext Root Scanning (ms): Min: 0.1, Avg: 0.1, Max: 0.2, Diff: 0.1, Sum: 1.4]
      [Update RS (ms): Min: 8.5, Avg: 8.7, Max: 10.1, Diff: 1.7, Sum: 87.3]
         [Processed Buffers: Min: 2, Avg: 2.2, Max: 3, Diff: 1, Sum: 22]
      [Scan RS (ms): Min: 0.0, Avg: 1.9, Max: 3.4, Diff: 3.4, Sum: 18.6]
      [Code Root Scanning (ms): Min: 0.0, Avg: 0.0, Max: 0.0, Diff: 0.0, Sum: 0.0]
      [Object Copy (ms): Min: 60.3, Avg: 61.7, Max: 62.1, Diff: 1.9, Sum: 616.9]
      [Termination (ms): Min: 0.0, Avg: 0.1, Max: 0.2, Diff: 0.2, Sum: 1.3]
      [GC Worker Other (ms): Min: 0.0, Avg: 0.0, Max: 0.0, Diff: 0.0, Sum: 0.2]
      [GC Worker Total (ms): Min: 72.5, Avg: 72.6, Max: 72.6, Diff: 0.1, Sum: 725.7]
      [GC Worker End (ms): Min: 3280.1, Avg: 3280.1, Max: 3280.1, Diff: 0.0]
   [Code Root Fixup: 0.0 ms]
   [Code Root Purge: 0.0 ms]
   [Clear CT: 0.1 ms]
   [Other: 1.0 ms]
      [Choose CSet: 0.0 ms]
      [Ref Proc: 0.1 ms]
      [Ref Enq: 0.0 ms]
      [Redirty Cards: 0.1 ms]
      [Humongous Reclaim: 0.0 ms]
      [Free CSet: 0.1 ms]
   [Eden: 448.0M(448.0M)->0.0B(448.0M) Survivors: 64.0M->64.0M Heap: 1938.9M(10.0G)->1666.9M(10.0G)]
 [Times: user=0.64 sys=0.04, real=0.07 secs] 
2016-10-10T10:08:03.011-0700: 3.281: Total time for which application threads were stopped: 0.0743011 seconds, Stopping threads took: 0.0000446 seconds
2016-10-10T10:08:03.306-0700: 3.577: [GC pause (G1 Evacuation Pause) (young), 0.0769136 secs]
   [Parallel Time: 75.8 ms, GC Workers: 10]
      [GC Worker Start (ms): Min: 3576.7, Avg: 3576.8, Max: 3576.8, Diff: 0.1]
      [Ext Root Scanning (ms): Min: 0.1, Avg: 0.1, Max: 0.2, Diff: 0.1, Sum: 1.4]
      [Update RS (ms): Min: 6.7, Avg: 8.3, Max: 8.9, Diff: 2.2, Sum: 83.2]
         [Processed Buffers: Min: 2, Avg: 2.1, Max: 3, Diff: 1, Sum: 21]
      [Scan RS (ms): Min: 0.9, Avg: 2.1, Max: 7.1, Diff: 6.2, Sum: 20.7]
      [Code Root Scanning (ms): Min: 0.0, Avg: 0.0, Max: 0.0, Diff: 0.0, Sum: 0.0]
      [Object Copy (ms): Min: 59.8, Avg: 63.2, Max: 63.9, Diff: 4.0, Sum: 631.6]
      [Termination (ms): Min: 0.0, Avg: 0.0, Max: 0.0, Diff: 0.0, Sum: 0.1]
      [GC Worker Other (ms): Min: 0.0, Avg: 0.2, Max: 1.9, Diff: 1.9, Sum: 2.1]
      [GC Worker Total (ms): Min: 73.7, Avg: 73.9, Max: 75.5, Diff: 1.9, Sum: 739.1]
      [GC Worker End (ms): Min: 3650.5, Avg: 3650.7, Max: 3652.3, Diff: 1.9]
   [Code Root Fixup: 0.0 ms]
   [Code Root Purge: 0.0 ms]
   [Clear CT: 0.2 ms]
   [Other: 0.9 ms]
      [Choose CSet: 0.0 ms]
      [Ref Proc: 0.2 ms]
      [Ref Enq: 0.0 ms]
      [Redirty Cards: 0.2 ms]
      [Humongous Reclaim: 0.0 ms]
      [Free CSet: 0.1 ms]
   [Eden: 448.0M(448.0M)->0.0B(448.0M) Survivors: 64.0M->64.0M Heap: 2114.9M(10.0G)->1844.9M(10.0G)]
 [Times: user=0.65 sys=0.03, real=0.07 secs] 
2016-10-10T10:08:03.383-0700: 3.654: Total time for which application threads were stopped: 0.0772696 seconds, Stopping threads took: 0.0001164 seconds
2016-10-10T10:08:03.674-0700: 3.944: [GC pause (G1 Evacuation Pause) (young), 0.0737446 secs]
   [Parallel Time: 72.3 ms, GC Workers: 10]
      [GC Worker Start (ms): Min: 3944.5, Avg: 3944.6, Max: 3944.7, Diff: 0.2]
      [Ext Root Scanning (ms): Min: 0.1, Avg: 0.1, Max: 0.2, Diff: 0.2, Sum: 1.4]
      [Update RS (ms): Min: 8.5, Avg: 9.2, Max: 11.4, Diff: 3.0, Sum: 91.8]
         [Processed Buffers: Min: 2, Avg: 2.2, Max: 3, Diff: 1, Sum: 22]
      [Scan RS (ms): Min: 0.0, Avg: 3.1, Max: 8.3, Diff: 8.3, Sum: 31.3]
      [Code Root Scanning (ms): Min: 0.0, Avg: 0.0, Max: 0.0, Diff: 0.0, Sum: 0.0]
      [Object Copy (ms): Min: 54.9, Avg: 59.5, Max: 61.5, Diff: 6.6, Sum: 595.2]
      [Termination (ms): Min: 0.0, Avg: 0.0, Max: 0.1, Diff: 0.1, Sum: 0.4]
      [GC Worker Other (ms): Min: 0.0, Avg: 0.0, Max: 0.1, Diff: 0.0, Sum: 0.3]
      [GC Worker Total (ms): Min: 71.9, Avg: 72.0, Max: 72.1, Diff: 0.2, Sum: 720.3]
      [GC Worker End (ms): Min: 4016.6, Avg: 4016.6, Max: 4016.6, Diff: 0.0]
   [Code Root Fixup: 0.0 ms]
   [Code Root Purge: 0.0 ms]
   [Clear CT: 0.2 ms]
   [Other: 1.3 ms]
      [Choose CSet: 0.0 ms]
      [Ref Proc: 0.3 ms]
      [Ref Enq: 0.0 ms]
      [Redirty Cards: 0.2 ms]
      [Humongous Reclaim: 0.0 ms]
      [Free CSet: 0.1 ms]
   [Eden: 448.0M(448.0M)->0.0B(448.0M) Survivors: 64.0M->64.0M Heap: 2292.9M(10.0G)->2018.9M(10.0G)]
 [Times: user=0.61 sys=0.05, real=0.08 secs] 
2016-10-10T10:08:03.748-0700: 4.018: Total time for which application threads were stopped: 0.0741152 seconds, Stopping threads took: 0.0001186 seconds
2016-10-10T10:08:03.849-0700: 4.119: Total time for which application threads were stopped: 0.0001411 seconds, Stopping threads took: 0.0000492 seconds
2016-10-10T10:08:04.037-0700: 4.307: [GC pause (G1 Evacuation Pause) (young), 0.0641262 secs]
   [Parallel Time: 62.7 ms, GC Workers: 10]
      [GC Worker Start (ms): Min: 4307.1, Avg: 4307.3, Max: 4307.5, Diff: 0.4]
      [Ext Root Scanning (ms): Min: 0.0, Avg: 0.1, Max: 0.2, Diff: 0.2, Sum: 1.2]
      [Update RS (ms): Min: 8.5, Avg: 9.7, Max: 12.7, Diff: 4.2, Sum: 96.8]
         [Processed Buffers: Min: 3, Avg: 3.1, Max: 4, Diff: 1, Sum: 31]
      [Scan RS (ms): Min: 0.0, Avg: 1.3, Max: 2.1, Diff: 2.1, Sum: 13.2]
      [Code Root Scanning (ms): Min: 0.0, Avg: 0.0, Max: 0.0, Diff: 0.0, Sum: 0.0]
      [Object Copy (ms): Min: 49.6, Avg: 51.2, Max: 51.7, Diff: 2.2, Sum: 512.0]
      [Termination (ms): Min: 0.0, Avg: 0.0, Max: 0.0, Diff: 0.0, Sum: 0.3]
      [GC Worker Other (ms): Min: 0.0, Avg: 0.0, Max: 0.1, Diff: 0.0, Sum: 0.4]
      [GC Worker Total (ms): Min: 62.1, Avg: 62.4, Max: 62.5, Diff: 0.4, Sum: 624.0]
      [GC Worker End (ms): Min: 4369.6, Avg: 4369.7, Max: 4369.7, Diff: 0.0]
   [Code Root Fixup: 0.0 ms]
   [Code Root Purge: 0.0 ms]
   [Clear CT: 0.2 ms]
   [Other: 1.2 ms]
      [Choose CSet: 0.0 ms]
      [Ref Proc: 0.2 ms]
      [Ref Enq: 0.0 ms]
      [Redirty Cards: 0.2 ms]
      [Humongous Reclaim: 0.0 ms]
      [Free CSet: 0.1 ms]
   [Eden: 448.0M(448.0M)->0.0B(448.0M) Survivors: 64.0M->64.0M Heap: 2466.9M(10.0G)->2194.9M(10.0G)]
 [Times: user=0.58 sys=0.04, real=0.06 secs] 
2016-10-10T10:08:04.101-0700: 4.371: Total time for which application threads were stopped: 0.0644988 seconds, Stopping threads took: 0.0000477 seconds
2016-10-10T10:08:04.383-0700: 4.653: [GC pause (G1 Evacuation Pause) (young), 0.0659459 secs]
   [Parallel Time: 64.6 ms, GC Workers: 10]
      [GC Worker Start (ms): Min: 4653.3, Avg: 4653.4, Max: 4653.5, Diff: 0.2]
      [Ext Root Scanning (ms): Min: 0.0, Avg: 0.1, Max: 0.3, Diff: 0.2, Sum: 1.2]
      [Update RS (ms): Min: 8.7, Avg: 9.7, Max: 11.9, Diff: 3.3, Sum: 97.1]
         [Processed Buffers: Min: 3, Avg: 3.1, Max: 4, Diff: 1, Sum: 31]
      [Scan RS (ms): Min: 0.0, Avg: 1.7, Max: 4.0, Diff: 4.0, Sum: 16.5]
      [Code Root Scanning (ms): Min: 0.0, Avg: 0.0, Max: 0.0, Diff: 0.0, Sum: 0.0]
      [Object Copy (ms): Min: 51.6, Avg: 52.9, Max: 53.5, Diff: 1.9, Sum: 529.0]
      [Termination (ms): Min: 0.0, Avg: 0.0, Max: 0.0, Diff: 0.0, Sum: 0.3]
      [GC Worker Other (ms): Min: 0.0, Avg: 0.0, Max: 0.0, Diff: 0.0, Sum: 0.2]
      [GC Worker Total (ms): Min: 64.4, Avg: 64.4, Max: 64.6, Diff: 0.2, Sum: 644.4]
      [GC Worker End (ms): Min: 4717.8, Avg: 4717.8, Max: 4717.9, Diff: 0.0]
   [Code Root Fixup: 0.0 ms]
   [Code Root Purge: 0.0 ms]
   [Clear CT: 0.2 ms]
   [Other: 1.1 ms]
      [Choose CSet: 0.0 ms]
      [Ref Proc: 0.2 ms]
      [Ref Enq: 0.0 ms]
      [Redirty Cards: 0.1 ms]
      [Humongous Reclaim: 0.0 ms]
      [Free CSet: 0.1 ms]
   [Eden: 448.0M(448.0M)->0.0B(448.0M) Survivors: 64.0M->64.0M Heap: 2642.9M(10.0G)->2370.9M(10.0G)]
 [Times: user=0.59 sys=0.04, real=0.07 secs] 
2016-10-10T10:08:04.449-0700: 4.719: Total time for which application threads were stopped: 0.0662765 seconds, Stopping threads took: 0.0000778 seconds
2016-10-10T10:08:04.730-0700: 5.000: [GC pause (G1 Evacuation Pause) (young), 0.0660982 secs]
   [Parallel Time: 64.8 ms, GC Workers: 10]
      [GC Worker Start (ms): Min: 5000.6, Avg: 5000.7, Max: 5000.8, Diff: 0.2]
      [Ext Root Scanning (ms): Min: 0.1, Avg: 0.1, Max: 0.2, Diff: 0.1, Sum: 1.4]
      [Update RS (ms): Min: 8.5, Avg: 9.5, Max: 11.0, Diff: 2.4, Sum: 94.8]
         [Processed Buffers: Min: 3, Avg: 3.2, Max: 4, Diff: 1, Sum: 32]
      [Scan RS (ms): Min: 0.0, Avg: 1.2, Max: 2.3, Diff: 2.3, Sum: 12.3]
      [Code Root Scanning (ms): Min: 0.0, Avg: 0.0, Max: 0.0, Diff: 0.0, Sum: 0.0]
      [Object Copy (ms): Min: 53.3, Avg: 53.6, Max: 53.9, Diff: 0.5, Sum: 536.2]
      [Termination (ms): Min: 0.0, Avg: 0.1, Max: 0.1, Diff: 0.1, Sum: 0.6]
      [GC Worker Other (ms): Min: 0.0, Avg: 0.0, Max: 0.1, Diff: 0.0, Sum: 0.3]
      [GC Worker Total (ms): Min: 64.5, Avg: 64.6, Max: 64.6, Diff: 0.2, Sum: 645.6]
      [GC Worker End (ms): Min: 5065.2, Avg: 5065.3, Max: 5065.3, Diff: 0.0]
   [Code Root Fixup: 0.0 ms]
   [Code Root Purge: 0.0 ms]
   [Clear CT: 0.2 ms]
   [Other: 1.0 ms]
      [Choose CSet: 0.0 ms]
      [Ref Proc: 0.3 ms]
      [Ref Enq: 0.0 ms]
      [Redirty Cards: 0.2 ms]
      [Humongous Reclaim: 0.0 ms]
      [Free CSet: 0.1 ms]
   [Eden: 448.0M(448.0M)->0.0B(544.0M) Survivors: 64.0M->64.0M Heap: 2818.9M(10.0G)->2544.9M(10.0G)]
 [Times: user=0.60 sys=0.03, real=0.07 secs] 
2016-10-10T10:08:04.796-0700: 5.067: Total time for which application threads were stopped: 0.0664052 seconds, Stopping threads took: 0.0000522 seconds
2016-10-10T10:08:05.140-0700: 5.410: [GC pause (G1 Evacuation Pause) (young), 0.0770190 secs]
   [Parallel Time: 74.3 ms, GC Workers: 10]
      [GC Worker Start (ms): Min: 5410.2, Avg: 5410.3, Max: 5410.4, Diff: 0.2]
      [Ext Root Scanning (ms): Min: 0.1, Avg: 0.1, Max: 0.2, Diff: 0.2, Sum: 1.4]
      [Update RS (ms): Min: 9.2, Avg: 12.9, Max: 18.7, Diff: 9.5, Sum: 129.3]
         [Processed Buffers: Min: 3, Avg: 3.8, Max: 5, Diff: 2, Sum: 38]
      [Scan RS (ms): Min: 0.0, Avg: 1.4, Max: 4.5, Diff: 4.5, Sum: 14.3]
      [Code Root Scanning (ms): Min: 0.0, Avg: 0.0, Max: 0.0, Diff: 0.0, Sum: 0.0]
      [Object Copy (ms): Min: 55.2, Avg: 59.6, Max: 61.8, Diff: 6.5, Sum: 596.1]
      [Termination (ms): Min: 0.0, Avg: 0.0, Max: 0.0, Diff: 0.0, Sum: 0.1]
      [GC Worker Other (ms): Min: 0.0, Avg: 0.0, Max: 0.0, Diff: 0.0, Sum: 0.2]
      [GC Worker Total (ms): Min: 74.1, Avg: 74.2, Max: 74.3, Diff: 0.2, Sum: 741.6]
      [GC Worker End (ms): Min: 5484.4, Avg: 5484.5, Max: 5484.5, Diff: 0.0]
   [Code Root Fixup: 0.0 ms]
   [Code Root Purge: 0.0 ms]
   [Clear CT: 0.2 ms]
   [Other: 2.5 ms]
      [Choose CSet: 0.0 ms]
      [Ref Proc: 0.1 ms]
      [Ref Enq: 0.0 ms]
      [Redirty Cards: 1.5 ms]
      [Humongous Reclaim: 0.0 ms]
      [Free CSet: 0.2 ms]
   [Eden: 544.0M(544.0M)->0.0B(564.0M) Survivors: 64.0M->76.0M Heap: 3088.9M(10.0G)->2750.9M(10.0G)]
 [Times: user=0.66 sys=0.07, real=0.08 secs] 
2016-10-10T10:08:05.217-0700: 5.487: Total time for which application threads were stopped: 0.0773718 seconds, Stopping threads took: 0.0000644 seconds
2016-10-10T10:08:05.572-0700: 5.842: [GC pause (G1 Evacuation Pause) (young), 0.0954981 secs]
   [Parallel Time: 94.5 ms, GC Workers: 10]
      [GC Worker Start (ms): Min: 5842.1, Avg: 5842.2, Max: 5842.3, Diff: 0.1]
      [Ext Root Scanning (ms): Min: 0.1, Avg: 0.1, Max: 0.2, Diff: 0.1, Sum: 1.5]
      [Update RS (ms): Min: 9.9, Avg: 14.1, Max: 17.4, Diff: 7.4, Sum: 140.5]
         [Processed Buffers: Min: 3, Avg: 3.8, Max: 5, Diff: 2, Sum: 38]
      [Scan RS (ms): Min: 0.0, Avg: 2.1, Max: 6.6, Diff: 6.6, Sum: 20.7]
      [Code Root Scanning (ms): Min: 0.0, Avg: 0.0, Max: 0.0, Diff: 0.0, Sum: 0.0]
      [Object Copy (ms): Min: 76.3, Avg: 77.7, Max: 78.4, Diff: 2.1, Sum: 776.7]
      [Termination (ms): Min: 0.0, Avg: 0.4, Max: 0.4, Diff: 0.4, Sum: 3.6]
      [GC Worker Other (ms): Min: 0.0, Avg: 0.0, Max: 0.0, Diff: 0.0, Sum: 0.2]
      [GC Worker Total (ms): Min: 94.2, Avg: 94.3, Max: 94.4, Diff: 0.1, Sum: 943.1]
      [GC Worker End (ms): Min: 5936.5, Avg: 5936.5, Max: 5936.5, Diff: 0.0]
   [Code Root Fixup: 0.0 ms]
   [Code Root Purge: 0.0 ms]
   [Clear CT: 0.1 ms]
   [Other: 0.8 ms]
      [Choose CSet: 0.0 ms]
      [Ref Proc: 0.2 ms]
      [Ref Enq: 0.0 ms]
      [Redirty Cards: 0.1 ms]
      [Humongous Reclaim: 0.0 ms]
      [Free CSet: 0.1 ms]
   [Eden: 564.0M(564.0M)->0.0B(608.0M) Survivors: 76.0M->80.0M Heap: 3314.9M(10.0G)->2964.9M(10.0G)]
 [Times: user=0.87 sys=0.05, real=0.10 secs] 
2016-10-10T10:08:05.667-0700: 5.938: Total time for which application threads were stopped: 0.0957377 seconds, Stopping threads took: 0.0000241 seconds
2016-10-10T10:08:06.048-0700: 6.318: [GC pause (G1 Evacuation Pause) (young), 0.0836818 secs]
   [Parallel Time: 82.5 ms, GC Workers: 10]
      [GC Worker Start (ms): Min: 6318.1, Avg: 6318.1, Max: 6318.2, Diff: 0.1]
      [Ext Root Scanning (ms): Min: 0.1, Avg: 0.2, Max: 0.2, Diff: 0.1, Sum: 1.5]
      [Update RS (ms): Min: 10.2, Avg: 14.0, Max: 16.3, Diff: 6.1, Sum: 139.8]
         [Processed Buffers: Min: 3, Avg: 4.3, Max: 6, Diff: 3, Sum: 43]
      [Scan RS (ms): Min: 0.0, Avg: 2.1, Max: 7.0, Diff: 7.0, Sum: 20.8]
      [Code Root Scanning (ms): Min: 0.0, Avg: 0.0, Max: 0.0, Diff: 0.0, Sum: 0.0]
      [Object Copy (ms): Min: 64.9, Avg: 66.1, Max: 66.8, Diff: 1.8, Sum: 660.8]
      [Termination (ms): Min: 0.0, Avg: 0.0, Max: 0.0, Diff: 0.0, Sum: 0.2]
      [GC Worker Other (ms): Min: 0.0, Avg: 0.0, Max: 0.1, Diff: 0.0, Sum: 0.3]
      [GC Worker Total (ms): Min: 82.3, Avg: 82.3, Max: 82.4, Diff: 0.1, Sum: 823.5]
      [GC Worker End (ms): Min: 6400.4, Avg: 6400.5, Max: 6400.5, Diff: 0.0]
   [Code Root Fixup: 0.0 ms]
   [Code Root Purge: 0.0 ms]
   [Clear CT: 0.2 ms]
   [Other: 1.0 ms]
      [Choose CSet: 0.0 ms]
      [Ref Proc: 0.1 ms]
      [Ref Enq: 0.0 ms]
      [Redirty Cards: 0.1 ms]
      [Humongous Reclaim: 0.0 ms]
      [Free CSet: 0.2 ms]
   [Eden: 600.0M(600.0M)->0.0B(660.0M) Survivors: 80.0M->88.0M Heap: 3564.9M(10.0G)->3190.9M(10.0G)]
 [Times: user=0.74 sys=0.06, real=0.08 secs] 
2016-10-10T10:08:06.131-0700: 6.402: Total time for which application threads were stopped: 0.0839324 seconds, Stopping threads took: 0.0000255 seconds
2016-10-10T10:08:06.550-0700: 6.820: [GC pause (G1 Evacuation Pause) (young), 0.1210797 secs]
   [Parallel Time: 119.6 ms, GC Workers: 10]
      [GC Worker Start (ms): Min: 6820.2, Avg: 6820.2, Max: 6820.3, Diff: 0.1]
      [Ext Root Scanning (ms): Min: 0.1, Avg: 0.2, Max: 0.2, Diff: 0.1, Sum: 1.5]
      [Update RS (ms): Min: 14.0, Avg: 18.0, Max: 35.2, Diff: 21.2, Sum: 180.5]
         [Processed Buffers: Min: 4, Avg: 4.2, Max: 5, Diff: 1, Sum: 42]
      [Scan RS (ms): Min: 0.0, Avg: 3.4, Max: 6.4, Diff: 6.3, Sum: 33.7]
      [Code Root Scanning (ms): Min: 0.0, Avg: 0.0, Max: 0.0, Diff: 0.0, Sum: 0.0]
      [Object Copy (ms): Min: 83.7, Avg: 97.6, Max: 100.5, Diff: 16.8, Sum: 975.5]
      [Termination (ms): Min: 0.0, Avg: 0.2, Max: 0.3, Diff: 0.3, Sum: 2.1]
      [GC Worker Other (ms): Min: 0.0, Avg: 0.0, Max: 0.0, Diff: 0.0, Sum: 0.2]
      [GC Worker Total (ms): Min: 119.3, Avg: 119.4, Max: 119.4, Diff: 0.1, Sum: 1193.6]
      [GC Worker End (ms): Min: 6939.6, Avg: 6939.6, Max: 6939.6, Diff: 0.0]
   [Code Root Fixup: 0.0 ms]
   [Code Root Purge: 0.0 ms]
   [Clear CT: 0.2 ms]
   [Other: 1.3 ms]
      [Choose CSet: 0.0 ms]
      [Ref Proc: 0.3 ms]
      [Ref Enq: 0.0 ms]
      [Redirty Cards: 0.1 ms]
      [Humongous Reclaim: 0.0 ms]
      [Free CSet: 0.2 ms]
   [Eden: 660.0M(660.0M)->0.0B(684.0M) Survivors: 88.0M->96.0M Heap: 3850.9M(10.0G)->3438.9M(10.0G)]
 [Times: user=0.97 sys=0.05, real=0.12 secs] 
2016-10-10T10:08:06.671-0700: 6.941: Total time for which application threads were stopped: 0.1213338 seconds, Stopping threads took: 0.0000275 seconds
2016-10-10T10:08:07.099-0700: 7.369: [GC pause (G1 Evacuation Pause) (young), 0.1154894 secs]
   [Parallel Time: 114.0 ms, GC Workers: 10]
      [GC Worker Start (ms): Min: 7369.3, Avg: 7369.3, Max: 7369.4, Diff: 0.1]
      [Ext Root Scanning (ms): Min: 0.1, Avg: 0.1, Max: 0.2, Diff: 0.1, Sum: 1.4]
      [Update RS (ms): Min: 15.1, Avg: 18.2, Max: 28.0, Diff: 12.9, Sum: 181.7]
         [Processed Buffers: Min: 4, Avg: 4.8, Max: 6, Diff: 2, Sum: 48]
      [Scan RS (ms): Min: 0.0, Avg: 2.2, Max: 4.7, Diff: 4.6, Sum: 22.0]
      [Code Root Scanning (ms): Min: 0.0, Avg: 0.0, Max: 0.0, Diff: 0.0, Sum: 0.0]
      [Object Copy (ms): Min: 74.8, Avg: 83.6, Max: 88.4, Diff: 13.6, Sum: 835.7]
      [Termination (ms): Min: 0.0, Avg: 9.8, Max: 10.9, Diff: 10.9, Sum: 97.8]
      [GC Worker Other (ms): Min: 0.0, Avg: 0.0, Max: 0.0, Diff: 0.0, Sum: 0.1]
      [GC Worker Total (ms): Min: 113.8, Avg: 113.9, Max: 113.9, Diff: 0.1, Sum: 1138.7]
      [GC Worker End (ms): Min: 7483.2, Avg: 7483.2, Max: 7483.2, Diff: 0.0]
   [Code Root Fixup: 0.0 ms]
   [Code Root Purge: 0.0 ms]
   [Clear CT: 0.2 ms]
   [Other: 1.2 ms]
      [Choose CSet: 0.0 ms]
      [Ref Proc: 0.4 ms]
      [Ref Enq: 0.0 ms]
      [Redirty Cards: 0.2 ms]
      [Humongous Reclaim: 0.0 ms]
      [Free CSet: 0.2 ms]
   [Eden: 672.0M(672.0M)->0.0B(752.0M) Survivors: 96.0M->96.0M Heap: 4110.9M(10.0G)->3692.9M(10.0G)]
 [Times: user=0.99 sys=0.06, real=0.11 secs] 
2016-10-10T10:08:07.215-0700: 7.485: Total time for which application threads were stopped: 0.1158312 seconds, Stopping threads took: 0.0000197 seconds
2016-10-10T10:08:07.685-0700: 7.956: [GC pause (G1 Evacuation Pause) (young), 0.1177790 secs]
   [Parallel Time: 116.8 ms, GC Workers: 10]
      [GC Worker Start (ms): Min: 7955.9, Avg: 7956.0, Max: 7956.0, Diff: 0.1]
      [Ext Root Scanning (ms): Min: 0.1, Avg: 0.1, Max: 0.2, Diff: 0.1, Sum: 1.4]
      [Update RS (ms): Min: 16.2, Avg: 20.6, Max: 26.2, Diff: 10.0, Sum: 206.2]
         [Processed Buffers: Min: 4, Avg: 5.2, Max: 9, Diff: 5, Sum: 52]
      [Scan RS (ms): Min: 0.0, Avg: 2.9, Max: 9.0, Diff: 9.0, Sum: 29.3]
      [Code Root Scanning (ms): Min: 0.0, Avg: 0.0, Max: 0.0, Diff: 0.0, Sum: 0.0]
      [Object Copy (ms): Min: 90.1, Avg: 92.8, Max: 95.1, Diff: 4.9, Sum: 928.1]
      [Termination (ms): Min: 0.0, Avg: 0.1, Max: 0.1, Diff: 0.1, Sum: 1.0]
      [GC Worker Other (ms): Min: 0.0, Avg: 0.0, Max: 0.1, Diff: 0.0, Sum: 0.4]
      [GC Worker Total (ms): Min: 116.6, Avg: 116.6, Max: 116.7, Diff: 0.2, Sum: 1166.4]
      [GC Worker End (ms): Min: 8072.6, Avg: 8072.6, Max: 8072.6, Diff: 0.0]
   [Code Root Fixup: 0.0 ms]
   [Code Root Purge: 0.0 ms]
   [Clear CT: 0.2 ms]
   [Other: 0.8 ms]
      [Choose CSet: 0.0 ms]
      [Ref Proc: 0.2 ms]
      [Ref Enq: 0.0 ms]
      [Redirty Cards: 0.1 ms]
      [Humongous Reclaim: 0.0 ms]
      [Free CSet: 0.2 ms]
   [Eden: 740.0M(740.0M)->0.0B(792.0M) Survivors: 96.0M->108.0M Heap: 4432.9M(10.0G)->3968.9M(10.0G)]
 [Times: user=1.02 sys=0.08, real=0.11 secs] 
2016-10-10T10:08:07.803-0700: 8.074: Total time for which application threads were stopped: 0.1180225 seconds, Stopping threads took: 0.0000237 seconds
2016-10-10T10:08:08.296-0700: 8.566: [GC pause (G1 Evacuation Pause) (young), 0.1200812 secs]
   [Parallel Time: 118.8 ms, GC Workers: 10]
      [GC Worker Start (ms): Min: 8566.5, Avg: 8566.6, Max: 8566.6, Diff: 0.1]
      [Ext Root Scanning (ms): Min: 0.1, Avg: 0.1, Max: 0.2, Diff: 0.1, Sum: 1.5]
      [Update RS (ms): Min: 16.2, Avg: 19.8, Max: 21.5, Diff: 5.3, Sum: 198.4]
         [Processed Buffers: Min: 4, Avg: 5.3, Max: 7, Diff: 3, Sum: 53]
      [Scan RS (ms): Min: 1.1, Avg: 6.0, Max: 15.6, Diff: 14.5, Sum: 60.2]
      [Code Root Scanning (ms): Min: 0.0, Avg: 0.0, Max: 0.0, Diff: 0.0, Sum: 0.0]
      [Object Copy (ms): Min: 86.6, Avg: 92.4, Max: 95.8, Diff: 9.2, Sum: 924.3]
      [Termination (ms): Min: 0.0, Avg: 0.1, Max: 0.2, Diff: 0.2, Sum: 1.3]
      [GC Worker Other (ms): Min: 0.0, Avg: 0.0, Max: 0.0, Diff: 0.0, Sum: 0.2]
      [GC Worker Total (ms): Min: 118.6, Avg: 118.6, Max: 118.6, Diff: 0.1, Sum: 1185.9]
      [GC Worker End (ms): Min: 8685.2, Avg: 8685.2, Max: 8685.2, Diff: 0.0]
   [Code Root Fixup: 0.0 ms]
   [Code Root Purge: 0.0 ms]
   [Clear CT: 0.2 ms]
   [Other: 1.1 ms]
      [Choose CSet: 0.0 ms]
      [Ref Proc: 0.1 ms]
      [Ref Enq: 0.0 ms]
      [Redirty Cards: 0.1 ms]
      [Humongous Reclaim: 0.0 ms]
      [Free CSet: 0.3 ms]
   [Eden: 776.0M(776.0M)->0.0B(852.0M) Survivors: 108.0M->112.0M Heap: 4744.9M(10.0G)->4262.9M(10.0G)]
 [Times: user=1.01 sys=0.09, real=0.12 secs] 
2016-10-10T10:08:08.416-0700: 8.687: Total time for which application threads were stopped: 0.1203726 seconds, Stopping threads took: 0.0000231 seconds
2016-10-10T10:08:08.964-0700: 9.234: [GC pause (G1 Evacuation Pause) (young), 0.1436810 secs]
   [Parallel Time: 142.2 ms, GC Workers: 10]
      [GC Worker Start (ms): Min: 9234.3, Avg: 9234.5, Max: 9235.5, Diff: 1.2]
      [Ext Root Scanning (ms): Min: 0.0, Avg: 0.1, Max: 0.2, Diff: 0.2, Sum: 1.4]
      [Update RS (ms): Min: 18.4, Avg: 20.9, Max: 23.2, Diff: 4.8, Sum: 209.5]
         [Processed Buffers: Min: 4, Avg: 5.5, Max: 6, Diff: 2, Sum: 55]
      [Scan RS (ms): Min: 1.1, Avg: 5.0, Max: 9.0, Diff: 7.9, Sum: 50.4]
      [Code Root Scanning (ms): Min: 0.0, Avg: 0.0, Max: 0.0, Diff: 0.0, Sum: 0.0]
      [Object Copy (ms): Min: 110.5, Avg: 114.4, Max: 116.4, Diff: 6.0, Sum: 1143.8]
      [Termination (ms): Min: 0.0, Avg: 0.0, Max: 0.0, Diff: 0.0, Sum: 0.2]
      [GC Worker Other (ms): Min: 0.0, Avg: 0.5, Max: 1.5, Diff: 1.4, Sum: 4.5]
      [GC Worker Total (ms): Min: 139.5, Avg: 141.0, Max: 142.1, Diff: 2.6, Sum: 1409.7]
      [GC Worker End (ms): Min: 9375.0, Avg: 9375.5, Max: 9376.5, Diff: 1.4]
   [Code Root Fixup: 0.0 ms]
   [Code Root Purge: 0.0 ms]
   [Clear CT: 0.2 ms]
   [Other: 1.2 ms]
      [Choose CSet: 0.0 ms]
      [Ref Proc: 0.3 ms]
      [Ref Enq: 0.0 ms]
      [Redirty Cards: 0.1 ms]
      [Humongous Reclaim: 0.0 ms]
      [Free CSet: 0.2 ms]
   [Eden: 832.0M(832.0M)->0.0B(876.0M) Survivors: 112.0M->120.0M Heap: 5094.9M(10.0G)->4570.9M(10.0G)]
 [Times: user=1.13 sys=0.07, real=0.15 secs] 
2016-10-10T10:08:09.108-0700: 9.378: Total time for which application threads were stopped: 0.1439553 seconds, Stopping threads took: 0.0000482 seconds
2016-10-10T10:08:09.655-0700: 9.925: [GC pause (G1 Evacuation Pause) (young), 0.1481451 secs]
   [Parallel Time: 146.6 ms, GC Workers: 10]
      [GC Worker Start (ms): Min: 9925.7, Avg: 9925.7, Max: 9925.8, Diff: 0.1]
      [Ext Root Scanning (ms): Min: 0.1, Avg: 0.2, Max: 0.2, Diff: 0.1, Sum: 1.5]
      [Update RS (ms): Min: 13.9, Avg: 17.2, Max: 20.4, Diff: 6.5, Sum: 172.5]
         [Processed Buffers: Min: 3, Avg: 3.9, Max: 5, Diff: 2, Sum: 39]
      [Scan RS (ms): Min: 0.0, Avg: 3.8, Max: 8.0, Diff: 7.9, Sum: 37.6]
      [Code Root Scanning (ms): Min: 0.0, Avg: 0.0, Max: 0.1, Diff: 0.1, Sum: 0.1]
      [Object Copy (ms): Min: 113.7, Avg: 116.5, Max: 124.8, Diff: 11.1, Sum: 1164.9]
      [Termination (ms): Min: 0.0, Avg: 8.7, Max: 9.7, Diff: 9.7, Sum: 87.4]
      [GC Worker Other (ms): Min: 0.0, Avg: 0.0, Max: 0.0, Diff: 0.0, Sum: 0.2]
      [GC Worker Total (ms): Min: 146.4, Avg: 146.4, Max: 146.5, Diff: 0.1, Sum: 1464.0]
      [GC Worker End (ms): Min: 10072.1, Avg: 10072.1, Max: 10072.1, Diff: 0.0]
   [Code Root Fixup: 0.0 ms]
   [Code Root Purge: 0.0 ms]
   [Clear CT: 0.2 ms]
   [Other: 1.3 ms]
      [Choose CSet: 0.0 ms]
      [Ref Proc: 0.5 ms]
      [Ref Enq: 0.0 ms]
      [Redirty Cards: 0.1 ms]
      [Humongous Reclaim: 0.0 ms]
      [Free CSet: 0.2 ms]
   [Eden: 852.0M(852.0M)->0.0B(916.0M) Survivors: 120.0M->124.0M Heap: 5422.9M(10.0G)->4888.9M(10.0G)]
 [Times: user=1.28 sys=0.08, real=0.15 secs] 
2016-10-10T10:08:09.803-0700: 10.074: Total time for which application threads were stopped: 0.1484218 seconds, Stopping threads took: 0.0000280 seconds
2016-10-10T10:08:10.364-0700: 10.634: [GC pause (G1 Evacuation Pause) (young) (initial-mark), 0.1244101 secs]
   [Parallel Time: 122.9 ms, GC Workers: 10]
      [GC Worker Start (ms): Min: 10634.2, Avg: 10634.3, Max: 10634.4, Diff: 0.2]
      [Ext Root Scanning (ms): Min: 0.7, Avg: 0.8, Max: 0.9, Diff: 0.2, Sum: 7.7]
      [Update RS (ms): Min: 18.8, Avg: 20.2, Max: 27.9, Diff: 9.1, Sum: 201.8]
         [Processed Buffers: Min: 4, Avg: 4.3, Max: 5, Diff: 1, Sum: 43]
      [Scan RS (ms): Min: 0.1, Avg: 3.9, Max: 6.1, Diff: 6.0, Sum: 39.4]
      [Code Root Scanning (ms): Min: 0.0, Avg: 0.0, Max: 0.0, Diff: 0.0, Sum: 0.1]
      [Object Copy (ms): Min: 93.9, Avg: 97.7, Max: 99.5, Diff: 5.6, Sum: 977.3]
      [Termination (ms): Min: 0.0, Avg: 0.0, Max: 0.0, Diff: 0.0, Sum: 0.1]
      [GC Worker Other (ms): Min: 0.0, Avg: 0.0, Max: 0.1, Diff: 0.1, Sum: 0.4]
      [GC Worker Total (ms): Min: 122.6, Avg: 122.7, Max: 122.8, Diff: 0.2, Sum: 1226.8]
      [GC Worker End (ms): Min: 10757.0, Avg: 10757.0, Max: 10757.0, Diff: 0.0]
   [Code Root Fixup: 0.0 ms]
   [Code Root Purge: 0.0 ms]
   [Clear CT: 0.2 ms]
   [Other: 1.3 ms]
      [Choose CSet: 0.0 ms]
      [Ref Proc: 0.1 ms]
      [Ref Enq: 0.0 ms]
      [Redirty Cards: 0.1 ms]
      [Humongous Reclaim: 0.0 ms]
      [Free CSet: 0.3 ms]
   [Eden: 892.0M(892.0M)->0.0B(992.0M) Survivors: 124.0M->128.0M Heap: 5780.9M(10.0G)->5222.9M(10.0G)]
 [Times: user=1.09 sys=0.09, real=0.13 secs] 
2016-10-10T10:08:10.488-0700: 10.759: [GC concurrent-root-region-scan-start]
2016-10-10T10:08:10.488-0700: 10.759: Total time for which application threads were stopped: 0.1247150 seconds, Stopping threads took: 0.0000193 seconds
2016-10-10T10:08:10.507-0700: 10.778: [GC concurrent-root-region-scan-end, 0.0190092 secs]
2016-10-10T10:08:10.507-0700: 10.778: [GC concurrent-mark-start]
2016-10-10T10:08:13.301-0700: 13.571: [GC pause (G1 Evacuation Pause) (young), 0.1400279 secs]
   [Parallel Time: 138.9 ms, GC Workers: 10]
      [GC Worker Start (ms): Min: 13571.2, Avg: 13571.3, Max: 13571.4, Diff: 0.2]
      [Ext Root Scanning (ms): Min: 0.1, Avg: 0.1, Max: 0.2, Diff: 0.2, Sum: 1.4]
      [SATB Filtering (ms): Min: 0.0, Avg: 0.0, Max: 0.0, Diff: 0.0, Sum: 0.0]
      [Update RS (ms): Min: 14.4, Avg: 18.5, Max: 19.6, Diff: 5.2, Sum: 185.2]
         [Processed Buffers: Min: 4, Avg: 4.2, Max: 6, Diff: 2, Sum: 42]
      [Scan RS (ms): Min: 2.4, Avg: 4.4, Max: 9.6, Diff: 7.3, Sum: 44.1]
      [Code Root Scanning (ms): Min: 0.0, Avg: 0.0, Max: 0.0, Diff: 0.0, Sum: 0.0]
      [Object Copy (ms): Min: 112.2, Avg: 115.5, Max: 116.6, Diff: 4.4, Sum: 1155.2]
      [Termination (ms): Min: 0.0, Avg: 0.1, Max: 0.2, Diff: 0.2, Sum: 1.4]
      [GC Worker Other (ms): Min: 0.0, Avg: 0.0, Max: 0.1, Diff: 0.1, Sum: 0.4]
      [GC Worker Total (ms): Min: 138.7, Avg: 138.8, Max: 138.9, Diff: 0.2, Sum: 1387.8]
      [GC Worker End (ms): Min: 13710.1, Avg: 13710.1, Max: 13710.1, Diff: 0.1]
   [Code Root Fixup: 0.0 ms]
   [Code Root Purge: 0.0 ms]
   [Clear CT: 0.2 ms]
   [Other: 0.9 ms]
      [Choose CSet: 0.0 ms]
      [Ref Proc: 0.2 ms]
      [Ref Enq: 0.0 ms]
      [Redirty Cards: 0.1 ms]
      [Humongous Reclaim: 0.0 ms]
      [Free CSet: 0.2 ms]
   [Eden: 960.0M(960.0M)->0.0B(932.0M) Survivors: 128.0M->136.0M Heap: 6182.9M(10.0G)->5584.9M(10.0G)]
 [Times: user=1.25 sys=0.11, real=0.14 secs] 
2016-10-10T10:08:13.441-0700: 13.711: Total time for which application threads were stopped: 0.1403380 seconds, Stopping threads took: 0.0000625 seconds
2016-10-10T10:08:13.441-0700: 13.711: [GC concurrent-mark-reset-for-overflow]
2016-10-10T10:08:14.092-0700: 14.362: [GC pause (G1 Evacuation Pause) (young), 0.1381042 secs]
   [Parallel Time: 136.9 ms, GC Workers: 10]
      [GC Worker Start (ms): Min: 14362.4, Avg: 14362.5, Max: 14362.6, Diff: 0.2]
      [Ext Root Scanning (ms): Min: 0.0, Avg: 0.1, Max: 0.2, Diff: 0.2, Sum: 1.2]
      [SATB Filtering (ms): Min: 0.0, Avg: 0.0, Max: 0.0, Diff: 0.0, Sum: 0.0]
      [Update RS (ms): Min: 14.0, Avg: 17.9, Max: 20.3, Diff: 6.2, Sum: 179.4]
         [Processed Buffers: Min: 3, Avg: 3.9, Max: 5, Diff: 2, Sum: 39]
      [Scan RS (ms): Min: 1.1, Avg: 3.6, Max: 8.6, Diff: 7.5, Sum: 35.6]
      [Code Root Scanning (ms): Min: 0.0, Avg: 0.0, Max: 0.0, Diff: 0.0, Sum: 0.0]
      [Object Copy (ms): Min: 113.1, Avg: 114.8, Max: 115.0, Diff: 1.9, Sum: 1147.5]
      [Termination (ms): Min: 0.1, Avg: 0.2, Max: 0.2, Diff: 0.1, Sum: 1.7]
      [GC Worker Other (ms): Min: 0.0, Avg: 0.0, Max: 0.0, Diff: 0.0, Sum: 0.2]
      [GC Worker Total (ms): Min: 136.5, Avg: 136.6, Max: 136.7, Diff: 0.2, Sum: 1365.8]
      [GC Worker End (ms): Min: 14499.1, Avg: 14499.1, Max: 14499.1, Diff: 0.0]
   [Code Root Fixup: 0.0 ms]
   [Code Root Purge: 0.0 ms]
   [Clear CT: 0.3 ms]
   [Other: 1.0 ms]
      [Choose CSet: 0.0 ms]
      [Ref Proc: 0.2 ms]
      [Ref Enq: 0.0 ms]
      [Redirty Cards: 0.2 ms]
      [Humongous Reclaim: 0.0 ms]
      [Free CSet: 0.2 ms]
   [Eden: 932.0M(932.0M)->0.0B(952.0M) Survivors: 136.0M->136.0M Heap: 6516.9M(10.0G)->5932.9M(10.0G)]
 [Times: user=1.26 sys=0.09, real=0.14 secs] 
2016-10-10T10:08:14.230-0700: 14.500: Total time for which application threads were stopped: 0.1384797 seconds, Stopping threads took: 0.0001187 seconds
2016-10-10T10:08:14.884-0700: 15.155: [GC concurrent-mark-end, 4.3769227 secs]
2016-10-10T10:08:14.884-0700: 15.155: [GC remark 15.155: [Finalize Marking, 0.0002398 secs] 15.155: [GC ref-proc, 0.0001223 secs] 15.155: [Unloading, 0.0006497 secs], 0.0173996 secs]
 [Times: user=0.17 sys=0.00, real=0.02 secs] 
2016-10-10T10:08:14.902-0700: 15.172: Total time for which application threads were stopped: 0.0176851 seconds, Stopping threads took: 0.0001279 seconds
2016-10-10T10:08:14.902-0700: 15.172: [GC cleanup 6880M->6880M(10G), 0.0021424 secs]
 [Times: user=0.01 sys=0.00, real=0.00 secs] 
2016-10-10T10:08:14.904-0700: 15.175: Total time for which application threads were stopped: 0.0022765 seconds, Stopping threads took: 0.0000449 seconds
2016-10-10T10:08:14.907-0700: 15.178: [GC pause (G1 Evacuation Pause) (young), 0.1336454 secs]
   [Parallel Time: 132.0 ms, GC Workers: 10]
      [GC Worker Start (ms): Min: 15177.7, Avg: 15177.8, Max: 15177.8, Diff: 0.1]
      [Ext Root Scanning (ms): Min: 0.1, Avg: 0.2, Max: 0.2, Diff: 0.1, Sum: 1.5]
      [Update RS (ms): Min: 19.2, Avg: 19.9, Max: 22.4, Diff: 3.2, Sum: 198.6]
         [Processed Buffers: Min: 4, Avg: 4.4, Max: 6, Diff: 2, Sum: 44]
      [Scan RS (ms): Min: 2.7, Avg: 4.4, Max: 6.7, Diff: 4.0, Sum: 43.8]
      [Code Root Scanning (ms): Min: 0.0, Avg: 0.0, Max: 0.0, Diff: 0.0, Sum: 0.0]
      [Object Copy (ms): Min: 105.6, Avg: 107.3, Max: 108.3, Diff: 2.7, Sum: 1073.3]
      [Termination (ms): Min: 0.0, Avg: 0.1, Max: 0.2, Diff: 0.2, Sum: 1.2]
      [GC Worker Other (ms): Min: 0.0, Avg: 0.0, Max: 0.1, Diff: 0.0, Sum: 0.4]
      [GC Worker Total (ms): Min: 131.8, Avg: 131.9, Max: 131.9, Diff: 0.1, Sum: 1318.8]
      [GC Worker End (ms): Min: 15309.6, Avg: 15309.7, Max: 15309.7, Diff: 0.0]
   [Code Root Fixup: 0.0 ms]
   [Code Root Purge: 0.0 ms]
   [Clear CT: 0.2 ms]
   [Other: 1.4 ms]
      [Choose CSet: 0.0 ms]
      [Ref Proc: 0.2 ms]
      [Ref Enq: 0.0 ms]
      [Redirty Cards: 0.1 ms]
      [Humongous Reclaim: 0.0 ms]
      [Free CSet: 0.4 ms]
   [Eden: 952.0M(952.0M)->0.0B(1104.0M) Survivors: 136.0M->136.0M Heap: 6884.9M(10.0G)->6286.9M(10.0G)]
 [Times: user=1.22 sys=0.08, real=0.13 secs] 
2016-10-10T10:08:15.041-0700: 15.311: Total time for which application threads were stopped: 0.1339749 seconds, Stopping threads took: 0.0000223 seconds
2016-10-10T10:08:15.708-0700: 15.978: [GC pause (G1 Evacuation Pause) (young), 0.1624386 secs]
   [Parallel Time: 161.1 ms, GC Workers: 10]
      [GC Worker Start (ms): Min: 15978.5, Avg: 15978.7, Max: 15978.8, Diff: 0.2]
      [Ext Root Scanning (ms): Min: 0.0, Avg: 0.1, Max: 0.2, Diff: 0.2, Sum: 1.2]
      [Update RS (ms): Min: 19.3, Avg: 22.8, Max: 25.7, Diff: 6.4, Sum: 228.3]
         [Processed Buffers: Min: 4, Avg: 4.7, Max: 5, Diff: 1, Sum: 47]
      [Scan RS (ms): Min: 2.2, Avg: 5.8, Max: 10.3, Diff: 8.1, Sum: 58.4]
      [Code Root Scanning (ms): Min: 0.0, Avg: 0.0, Max: 0.0, Diff: 0.0, Sum: 0.0]
      [Object Copy (ms): Min: 130.5, Avg: 131.9, Max: 133.4, Diff: 2.9, Sum: 1319.4]
      [Termination (ms): Min: 0.0, Avg: 0.1, Max: 0.1, Diff: 0.1, Sum: 1.0]
      [GC Worker Other (ms): Min: 0.0, Avg: 0.0, Max: 0.1, Diff: 0.1, Sum: 0.5]
      [GC Worker Total (ms): Min: 160.8, Avg: 160.9, Max: 161.0, Diff: 0.2, Sum: 1608.7]
      [GC Worker End (ms): Min: 16139.5, Avg: 16139.5, Max: 16139.6, Diff: 0.1]
   [Code Root Fixup: 0.0 ms]
   [Code Root Purge: 0.0 ms]
   [Clear CT: 0.2 ms]
   [Other: 1.1 ms]
      [Choose CSet: 0.0 ms]
      [Ref Proc: 0.1 ms]
      [Ref Enq: 0.0 ms]
      [Redirty Cards: 0.1 ms]
      [Humongous Reclaim: 0.0 ms]
      [Free CSet: 0.3 ms]
   [Eden: 1104.0M(1104.0M)->0.0B(1088.0M) Survivors: 136.0M->156.0M Heap: 7390.9M(10.0G)->6698.9M(10.0G)]
 [Times: user=1.45 sys=0.13, real=0.16 secs] 
2016-10-10T10:08:15.871-0700: 16.141: Total time for which application threads were stopped: 0.1627330 seconds, Stopping threads took: 0.0000597 seconds
2016-10-10T10:08:16.538-0700: 16.809: [GC pause (G1 Evacuation Pause) (young) (initial-mark), 0.1545972 secs]
   [Parallel Time: 153.1 ms, GC Workers: 10]
      [GC Worker Start (ms): Min: 16809.0, Avg: 16809.2, Max: 16809.4, Diff: 0.4]
      [Ext Root Scanning (ms): Min: 0.0, Avg: 0.3, Max: 0.4, Diff: 0.4, Sum: 2.7]
      [Update RS (ms): Min: 19.4, Avg: 23.0, Max: 26.3, Diff: 6.9, Sum: 230.3]
         [Processed Buffers: Min: 4, Avg: 5.0, Max: 7, Diff: 3, Sum: 50]
      [Scan RS (ms): Min: 0.0, Avg: 4.0, Max: 8.8, Diff: 8.8, Sum: 40.0]
      [Code Root Scanning (ms): Min: 0.0, Avg: 0.0, Max: 0.0, Diff: 0.0, Sum: 0.0]
      [Object Copy (ms): Min: 124.2, Avg: 125.4, Max: 126.2, Diff: 2.0, Sum: 1253.9]
      [Termination (ms): Min: 0.0, Avg: 0.0, Max: 0.0, Diff: 0.0, Sum: 0.2]
      [GC Worker Other (ms): Min: 0.0, Avg: 0.1, Max: 0.1, Diff: 0.1, Sum: 0.7]
      [GC Worker Total (ms): Min: 152.5, Avg: 152.8, Max: 153.0, Diff: 0.5, Sum: 1527.7]
      [GC Worker End (ms): Min: 16962.0, Avg: 16962.0, Max: 16962.1, Diff: 0.1]
   [Code Root Fixup: 0.0 ms]
   [Code Root Purge: 0.0 ms]
   [Clear CT: 0.2 ms]
   [Other: 1.2 ms]
      [Choose CSet: 0.0 ms]
      [Ref Proc: 0.1 ms]
      [Ref Enq: 0.0 ms]
      [Redirty Cards: 0.2 ms]
      [Humongous Reclaim: 0.0 ms]
      [Free CSet: 0.4 ms]
   [Eden: 1088.0M(1088.0M)->0.0B(1156.0M) Survivors: 156.0M->156.0M Heap: 7786.9M(10.0G)->7108.9M(10.0G)]
 [Times: user=1.41 sys=0.10, real=0.15 secs] 
2016-10-10T10:08:16.693-0700: 16.963: [GC concurrent-root-region-scan-start]
2016-10-10T10:08:16.693-0700: 16.964: Total time for which application threads were stopped: 0.1549556 seconds, Stopping threads took: 0.0000317 seconds
2016-10-10T10:08:16.722-0700: 16.992: [GC concurrent-root-region-scan-end, 0.0289043 secs]
2016-10-10T10:08:16.722-0700: 16.992: [GC concurrent-mark-start]
2016-10-10T10:08:20.497-0700: 20.767: [GC pause (G1 Evacuation Pause) (young), 0.1605559 secs]
   [Parallel Time: 158.7 ms, GC Workers: 10]
      [GC Worker Start (ms): Min: 20767.6, Avg: 20768.1, Max: 20769.1, Diff: 1.6]
      [Ext Root Scanning (ms): Min: 0.0, Avg: 0.1, Max: 0.2, Diff: 0.2, Sum: 1.1]
      [SATB Filtering (ms): Min: 0.0, Avg: 0.0, Max: 0.0, Diff: 0.0, Sum: 0.0]
      [Update RS (ms): Min: 14.5, Avg: 18.2, Max: 19.7, Diff: 5.2, Sum: 182.0]
         [Processed Buffers: Min: 4, Avg: 4.1, Max: 5, Diff: 1, Sum: 41]
      [Scan RS (ms): Min: 4.4, Avg: 5.8, Max: 8.4, Diff: 4.0, Sum: 58.1]
      [Code Root Scanning (ms): Min: 0.0, Avg: 0.0, Max: 0.0, Diff: 0.0, Sum: 0.1]
      [Object Copy (ms): Min: 132.4, Avg: 133.8, Max: 134.1, Diff: 1.7, Sum: 1337.7]
      [Termination (ms): Min: 0.0, Avg: 0.1, Max: 0.1, Diff: 0.1, Sum: 1.1]
      [GC Worker Other (ms): Min: 0.0, Avg: 0.0, Max: 0.1, Diff: 0.1, Sum: 0.4]
      [GC Worker Total (ms): Min: 157.0, Avg: 158.1, Max: 158.5, Diff: 1.5, Sum: 1580.5]
      [GC Worker End (ms): Min: 20926.1, Avg: 20926.1, Max: 20926.2, Diff: 0.0]
   [Code Root Fixup: 0.0 ms]
   [Code Root Purge: 0.0 ms]
   [Clear CT: 0.4 ms]
   [Other: 1.4 ms]
      [Choose CSet: 0.0 ms]
      [Ref Proc: 0.4 ms]
      [Ref Enq: 0.0 ms]
      [Redirty Cards: 0.2 ms]
      [Humongous Reclaim: 0.0 ms]
      [Free CSet: 0.3 ms]
   [Eden: 1124.0M(1124.0M)->0.0B(892.0M) Survivors: 156.0M->160.0M Heap: 8232.9M(10.0G)->7530.9M(10.0G)]
 [Times: user=1.43 sys=0.11, real=0.16 secs] 
2016-10-10T10:08:20.658-0700: 20.928: Total time for which application threads were stopped: 0.1608663 seconds, Stopping threads took: 0.0000284 seconds
2016-10-10T10:08:20.658-0700: 20.928: [GC concurrent-mark-reset-for-overflow]
2016-10-10T10:08:22.312-0700: 22.582: [GC concurrent-mark-end, 5.5898033 secs]
2016-10-10T10:08:22.312-0700: 22.582: [GC remark 22.583: [Finalize Marking, 0.0002752 secs] 22.583: [GC ref-proc, 0.0001472 secs] 22.583: [Unloading, 0.0008810 secs], 0.0242091 secs]
 [Times: user=0.23 sys=0.00, real=0.02 secs] 
2016-10-10T10:08:22.336-0700: 22.607: Total time for which application threads were stopped: 0.0244300 seconds, Stopping threads took: 0.0000602 seconds
2016-10-10T10:08:22.337-0700: 22.607: [GC cleanup 7534M->7534M(10G), 0.0027617 secs]
 [Times: user=0.01 sys=0.00, real=0.01 secs] 
2016-10-10T10:08:22.340-0700: 22.610: Total time for which application threads were stopped: 0.0029792 seconds, Stopping threads took: 0.0001029 seconds
Heap
 garbage-first heap   total 10485760K, used 7711623K [0x0000000540000000, 0x0000000540405000, 0x00000007c0000000)
  region size 4096K, 41 young (167936K), 40 survivors (163840K)
 Metaspace       used 3532K, capacity 4494K, committed 4864K, reserved 1056768K
  class space    used 377K, capacity 386K, committed 512K, reserved 1048576K
